[2025-02-10 17:22:43,082: INFO: _internal: [31m[1mWARNING: This is a development server. Do not use it in a production deployment. Use a production WSGI server instead.[0m
 * Running on all addresses (0.0.0.0)
 * Running on http://127.0.0.1:10000
 * Running on http://192.168.43.221:10000]
[2025-02-10 17:22:43,083: INFO: _internal: [33mPress CTRL+C to quit[0m]
[2025-02-10 17:23:15,638: INFO: _internal: 192.168.43.221 - - [10/Feb/2025 17:23:15] "GET / HTTP/1.1" 200 -]
[2025-02-10 17:23:17,340: INFO: _internal: 192.168.43.221 - - [10/Feb/2025 17:23:17] "GET /static/styles.css HTTP/1.1" 200 -]
[2025-02-10 17:23:17,341: INFO: _internal: 192.168.43.221 - - [10/Feb/2025 17:23:17] "GET /static/git_icon.png HTTP/1.1" 200 -]
[2025-02-10 17:23:17,342: INFO: _internal: 192.168.43.221 - - [10/Feb/2025 17:23:17] "GET /static/logo.png HTTP/1.1" 200 -]
[2025-02-10 17:23:17,346: INFO: _internal: 192.168.43.221 - - [10/Feb/2025 17:23:17] "GET /static/placeholder.js HTTP/1.1" 200 -]
[2025-02-10 17:23:17,358: INFO: _internal: 192.168.43.221 - - [10/Feb/2025 17:23:17] "GET /static/i_icon.png HTTP/1.1" 200 -]
[2025-02-10 17:23:17,403: INFO: _internal: 192.168.43.221 - - [10/Feb/2025 17:23:17] "GET /static/linkedin_icon.png HTTP/1.1" 200 -]
[2025-02-10 17:23:22,769: INFO: _internal: 192.168.43.221 - - [10/Feb/2025 17:23:22] "[36mGET /static/logo.png HTTP/1.1[0m" 304 -]
[2025-02-14 13:15:43,134: INFO: _internal: [31m[1mWARNING: This is a development server. Do not use it in a production deployment. Use a production WSGI server instead.[0m
 * Running on all addresses (0.0.0.0)
 * Running on http://127.0.0.1:10000
 * Running on http://192.168.43.221:10000]
[2025-02-14 13:15:43,135: INFO: _internal: [33mPress CTRL+C to quit[0m]
[2025-02-14 13:16:05,585: INFO: _internal: 127.0.0.1 - - [14/Feb/2025 13:16:05] "GET / HTTP/1.1" 200 -]
[2025-02-14 13:16:07,561: INFO: _internal: 127.0.0.1 - - [14/Feb/2025 13:16:07] "GET /static/i_icon.png HTTP/1.1" 200 -]
[2025-02-14 13:16:07,561: INFO: _internal: 127.0.0.1 - - [14/Feb/2025 13:16:07] "GET /static/styles.css HTTP/1.1" 200 -]
[2025-02-14 13:16:07,571: INFO: _internal: 127.0.0.1 - - [14/Feb/2025 13:16:07] "GET /static/placeholder.js HTTP/1.1" 200 -]
[2025-02-14 13:16:07,641: INFO: _internal: 127.0.0.1 - - [14/Feb/2025 13:16:07] "GET /static/logo.png HTTP/1.1" 200 -]
[2025-02-14 13:16:07,927: INFO: _internal: 127.0.0.1 - - [14/Feb/2025 13:16:07] "GET /static/git_icon.png HTTP/1.1" 200 -]
[2025-02-14 13:16:07,957: INFO: _internal: 127.0.0.1 - - [14/Feb/2025 13:16:07] "GET /static/linkedin_icon.png HTTP/1.1" 200 -]
[2025-02-14 13:16:10,414: INFO: _internal: 127.0.0.1 - - [14/Feb/2025 13:16:10] "[36mGET /static/logo.png HTTP/1.1[0m" 304 -]
[2025-02-14 13:16:25,331: INFO: _internal: 127.0.0.1 - - [14/Feb/2025 13:16:25] "POST /spam_detection HTTP/1.1" 200 -]
[2025-02-14 13:16:44,741: ERROR: app: Exception on /spelling_correction [POST]]
Traceback (most recent call last):
  File "C:\Users\jaysh\All_Projects\Current_Projects\CustomEmail_for_deployment\ml\pipeline\predict_pipeline_spelling_corrector.py", line 51, in predict
    grammar_corrected_text, _ = self.model.correct_grammar(spelling_corrected_text)
AttributeError: 'SpellingModel' object has no attribute 'correct_grammar'

During handling of the above exception, another exception occurred:

Traceback (most recent call last):
  File "C:\Users\jaysh\All_Projects\Current_Projects\CustomEmail_for_deployment\main.py", line 92, in spelling_corrector
    corrected_text, changed_words = spelling_pipeline.predict(text)
  File "C:\Users\jaysh\All_Projects\Current_Projects\CustomEmail_for_deployment\ml\pipeline\predict_pipeline_spelling_corrector.py", line 56, in predict
    raise CustomException(e, sys)
config.exception.CustomException: <unprintable CustomException object>

During handling of the above exception, another exception occurred:

Traceback (most recent call last):
  File "C:\Users\sushi\AppData\Local\Programs\Python\Python39\lib\site-packages\flask\app.py", line 1511, in wsgi_app
    response = self.full_dispatch_request()
  File "C:\Users\sushi\AppData\Local\Programs\Python\Python39\lib\site-packages\flask\app.py", line 919, in full_dispatch_request
    rv = self.handle_user_exception(e)
  File "C:\Users\sushi\AppData\Local\Programs\Python\Python39\lib\site-packages\flask\app.py", line 917, in full_dispatch_request
    rv = self.dispatch_request()
  File "C:\Users\sushi\AppData\Local\Programs\Python\Python39\lib\site-packages\flask\app.py", line 902, in dispatch_request
    return self.ensure_sync(self.view_functions[rule.endpoint])(**view_args)  # type: ignore[no-any-return]
  File "C:\Users\jaysh\All_Projects\Current_Projects\CustomEmail_for_deployment\main.py", line 100, in spelling_corrector
    app.logger.error(f"CustomException: {str(e)}")
TypeError: __str__ returned non-string (type AttributeError)
[2025-02-14 13:16:44,745: INFO: _internal: 127.0.0.1 - - [14/Feb/2025 13:16:44] "[35m[1mPOST /spelling_correction HTTP/1.1[0m" 500 -]
[2025-02-14 13:20:20,124: INFO: _internal: [31m[1mWARNING: This is a development server. Do not use it in a production deployment. Use a production WSGI server instead.[0m
 * Running on all addresses (0.0.0.0)
 * Running on http://127.0.0.1:10000
 * Running on http://192.168.43.221:10000]
[2025-02-14 13:20:20,125: INFO: _internal: [33mPress CTRL+C to quit[0m]
[2025-02-14 13:20:29,708: INFO: _internal: 127.0.0.1 - - [14/Feb/2025 13:20:29] "GET / HTTP/1.1" 200 -]
[2025-02-14 13:20:31,929: INFO: _internal: 127.0.0.1 - - [14/Feb/2025 13:20:31] "[36mGET /static/linkedin_icon.png HTTP/1.1[0m" 304 -]
[2025-02-14 13:20:31,934: INFO: _internal: 127.0.0.1 - - [14/Feb/2025 13:20:31] "[36mGET /static/placeholder.js HTTP/1.1[0m" 304 -]
[2025-02-14 13:20:31,941: INFO: _internal: 127.0.0.1 - - [14/Feb/2025 13:20:31] "[36mGET /static/logo.png HTTP/1.1[0m" 304 -]
[2025-02-14 13:20:31,955: INFO: _internal: 127.0.0.1 - - [14/Feb/2025 13:20:31] "[36mGET /static/git_icon.png HTTP/1.1[0m" 304 -]
[2025-02-14 13:20:31,957: INFO: _internal: 127.0.0.1 - - [14/Feb/2025 13:20:31] "[36mGET /static/i_icon.png HTTP/1.1[0m" 304 -]
[2025-02-14 13:20:31,965: INFO: _internal: 127.0.0.1 - - [14/Feb/2025 13:20:31] "[36mGET /static/styles.css HTTP/1.1[0m" 304 -]
[2025-02-14 13:20:34,264: INFO: _internal: 127.0.0.1 - - [14/Feb/2025 13:20:34] "[36mGET /static/logo.png HTTP/1.1[0m" 304 -]
[2025-02-14 13:21:04,308: INFO: _internal: 127.0.0.1 - - [14/Feb/2025 13:21:04] "POST /spam_detection HTTP/1.1" 200 -]
[2025-02-14 13:21:18,811: INFO: _internal: 127.0.0.1 - - [14/Feb/2025 13:21:18] "POST /spelling_correction HTTP/1.1" 200 -]
[2025-02-14 13:22:36,810: INFO: _internal: [31m[1mWARNING: This is a development server. Do not use it in a production deployment. Use a production WSGI server instead.[0m
 * Running on all addresses (0.0.0.0)
 * Running on http://127.0.0.1:10000
 * Running on http://192.168.43.221:10000]
[2025-02-14 13:22:36,811: INFO: _internal: [33mPress CTRL+C to quit[0m]
[2025-02-14 13:23:02,446: INFO: _internal: 127.0.0.1 - - [14/Feb/2025 13:23:02] "GET / HTTP/1.1" 200 -]
[2025-02-14 13:23:04,630: INFO: _internal: 127.0.0.1 - - [14/Feb/2025 13:23:04] "[36mGET /static/git_icon.png HTTP/1.1[0m" 304 -]
[2025-02-14 13:23:04,632: INFO: _internal: 127.0.0.1 - - [14/Feb/2025 13:23:04] "[36mGET /static/i_icon.png HTTP/1.1[0m" 304 -]
[2025-02-14 13:23:04,671: INFO: _internal: 127.0.0.1 - - [14/Feb/2025 13:23:04] "[36mGET /static/linkedin_icon.png HTTP/1.1[0m" 304 -]
[2025-02-14 13:23:04,679: INFO: _internal: 127.0.0.1 - - [14/Feb/2025 13:23:04] "[36mGET /static/logo.png HTTP/1.1[0m" 304 -]
[2025-02-14 13:23:04,716: INFO: _internal: 127.0.0.1 - - [14/Feb/2025 13:23:04] "[36mGET /static/styles.css HTTP/1.1[0m" 304 -]
[2025-02-14 13:23:04,734: INFO: _internal: 127.0.0.1 - - [14/Feb/2025 13:23:04] "[36mGET /static/placeholder.js HTTP/1.1[0m" 304 -]
[2025-02-14 13:23:06,562: INFO: _internal: 127.0.0.1 - - [14/Feb/2025 13:23:06] "[36mGET /static/logo.png HTTP/1.1[0m" 304 -]
[2025-02-14 13:28:28,655: INFO: _internal: [31m[1mWARNING: This is a development server. Do not use it in a production deployment. Use a production WSGI server instead.[0m
 * Running on all addresses (0.0.0.0)
 * Running on http://127.0.0.1:10000
 * Running on http://192.168.43.221:10000]
[2025-02-14 13:28:28,656: INFO: _internal: [33mPress CTRL+C to quit[0m]
[2025-02-14 13:29:08,234: INFO: _internal: 127.0.0.1 - - [14/Feb/2025 13:29:08] "GET / HTTP/1.1" 200 -]
[2025-02-14 13:29:10,708: INFO: _internal: 127.0.0.1 - - [14/Feb/2025 13:29:10] "[36mGET /static/placeholder.js HTTP/1.1[0m" 304 -]
[2025-02-14 13:29:10,715: INFO: _internal: 127.0.0.1 - - [14/Feb/2025 13:29:10] "[36mGET /static/i_icon.png HTTP/1.1[0m" 304 -]
[2025-02-14 13:29:10,728: INFO: _internal: 127.0.0.1 - - [14/Feb/2025 13:29:10] "[36mGET /static/logo.png HTTP/1.1[0m" 304 -]
[2025-02-14 13:29:10,794: INFO: _internal: 127.0.0.1 - - [14/Feb/2025 13:29:10] "[36mGET /static/linkedin_icon.png HTTP/1.1[0m" 304 -]
[2025-02-14 13:29:10,816: INFO: _internal: 127.0.0.1 - - [14/Feb/2025 13:29:10] "[36mGET /static/git_icon.png HTTP/1.1[0m" 304 -]
[2025-02-14 13:29:10,839: INFO: _internal: 127.0.0.1 - - [14/Feb/2025 13:29:10] "[36mGET /static/styles.css HTTP/1.1[0m" 304 -]
[2025-02-14 13:29:31,939: INFO: _internal: 127.0.0.1 - - [14/Feb/2025 13:29:31] "POST /spelling_correction HTTP/1.1" 200 -]
[2025-02-14 13:29:33,823: INFO: _internal: 127.0.0.1 - - [14/Feb/2025 13:29:33] "POST /spam_detection HTTP/1.1" 200 -]
[2025-02-14 13:53:30,466: INFO: _internal: [31m[1mWARNING: This is a development server. Do not use it in a production deployment. Use a production WSGI server instead.[0m
 * Running on all addresses (0.0.0.0)
 * Running on http://127.0.0.1:10000
 * Running on http://192.168.43.221:10000]
[2025-02-14 13:53:30,468: INFO: _internal: [33mPress CTRL+C to quit[0m]
[2025-02-14 13:55:04,925: INFO: _internal: [31m[1mWARNING: This is a development server. Do not use it in a production deployment. Use a production WSGI server instead.[0m
 * Running on all addresses (0.0.0.0)
 * Running on http://127.0.0.1:10000
 * Running on http://192.168.43.221:10000]
[2025-02-14 13:55:04,927: INFO: _internal: [33mPress CTRL+C to quit[0m]
[2025-02-14 13:55:17,987: INFO: _internal: 127.0.0.1 - - [14/Feb/2025 13:55:17] "GET / HTTP/1.1" 200 -]
[2025-02-14 13:55:20,385: INFO: _internal: 127.0.0.1 - - [14/Feb/2025 13:55:20] "[36mGET /static/git_icon.png HTTP/1.1[0m" 304 -]
[2025-02-14 13:55:20,391: INFO: _internal: 127.0.0.1 - - [14/Feb/2025 13:55:20] "[36mGET /static/styles.css HTTP/1.1[0m" 304 -]
[2025-02-14 13:55:20,428: INFO: _internal: 127.0.0.1 - - [14/Feb/2025 13:55:20] "[36mGET /static/linkedin_icon.png HTTP/1.1[0m" 304 -]
[2025-02-14 13:55:20,461: INFO: _internal: 127.0.0.1 - - [14/Feb/2025 13:55:20] "[36mGET /static/placeholder.js HTTP/1.1[0m" 304 -]
[2025-02-14 13:55:20,468: INFO: _internal: 127.0.0.1 - - [14/Feb/2025 13:55:20] "[36mGET /static/logo.png HTTP/1.1[0m" 304 -]
[2025-02-14 13:55:20,611: INFO: _internal: 127.0.0.1 - - [14/Feb/2025 13:55:20] "[36mGET /static/i_icon.png HTTP/1.1[0m" 304 -]
[2025-02-14 13:55:47,134: INFO: _internal: 127.0.0.1 - - [14/Feb/2025 13:55:47] "POST /spelling_correction HTTP/1.1" 200 -]
[2025-02-16 12:58:57,549: INFO: _internal: [31m[1mWARNING: This is a development server. Do not use it in a production deployment. Use a production WSGI server instead.[0m
 * Running on all addresses (0.0.0.0)
 * Running on http://127.0.0.1:10000
 * Running on http://192.168.43.221:10000]
[2025-02-16 12:58:57,567: INFO: _internal: [33mPress CTRL+C to quit[0m]
[2025-02-16 12:59:08,065: INFO: _internal: 127.0.0.1 - - [16/Feb/2025 12:59:08] "GET / HTTP/1.1" 200 -]
[2025-02-16 12:59:10,412: INFO: _internal: 127.0.0.1 - - [16/Feb/2025 12:59:10] "GET /static/logo.png HTTP/1.1" 200 -]
[2025-02-16 12:59:10,413: INFO: _internal: 127.0.0.1 - - [16/Feb/2025 12:59:10] "GET /static/styles.css HTTP/1.1" 200 -]
[2025-02-16 12:59:10,478: INFO: _internal: 127.0.0.1 - - [16/Feb/2025 12:59:10] "GET /static/git_icon.png HTTP/1.1" 200 -]
[2025-02-16 12:59:10,481: INFO: _internal: 127.0.0.1 - - [16/Feb/2025 12:59:10] "GET /static/linkedin_icon.png HTTP/1.1" 200 -]
[2025-02-16 12:59:10,520: INFO: _internal: 127.0.0.1 - - [16/Feb/2025 12:59:10] "GET /static/i_icon.png HTTP/1.1" 200 -]
[2025-02-16 12:59:10,569: INFO: _internal: 127.0.0.1 - - [16/Feb/2025 12:59:10] "GET /static/placeholder.js HTTP/1.1" 200 -]
[2025-02-16 12:59:13,184: INFO: _internal: 127.0.0.1 - - [16/Feb/2025 12:59:13] "[36mGET /static/logo.png HTTP/1.1[0m" 304 -]
[2025-02-16 12:59:50,908: INFO: _internal: 127.0.0.1 - - [16/Feb/2025 12:59:50] "POST /spelling_correction HTTP/1.1" 200 -]
[2025-02-16 12:59:50,950: INFO: _internal: 127.0.0.1 - - [16/Feb/2025 12:59:50] "POST /spelling_correction HTTP/1.1" 200 -]
[2025-02-16 13:00:10,525: INFO: _internal: 127.0.0.1 - - [16/Feb/2025 13:00:10] "POST /spam_detection HTTP/1.1" 200 -]
[2025-02-16 13:02:40,472: INFO: _internal: [31m[1mWARNING: This is a development server. Do not use it in a production deployment. Use a production WSGI server instead.[0m
 * Running on all addresses (0.0.0.0)
 * Running on http://127.0.0.1:10000
 * Running on http://192.168.43.221:10000]
[2025-02-16 13:02:40,474: INFO: _internal: [33mPress CTRL+C to quit[0m]
[2025-02-16 13:03:05,757: INFO: _internal: 127.0.0.1 - - [16/Feb/2025 13:03:05] "GET / HTTP/1.1" 200 -]
[2025-02-16 13:03:08,040: INFO: _internal: 127.0.0.1 - - [16/Feb/2025 13:03:08] "[36mGET /static/i_icon.png HTTP/1.1[0m" 304 -]
[2025-02-16 13:03:08,048: INFO: _internal: 127.0.0.1 - - [16/Feb/2025 13:03:08] "[36mGET /static/logo.png HTTP/1.1[0m" 304 -]
[2025-02-16 13:03:08,078: INFO: _internal: 127.0.0.1 - - [16/Feb/2025 13:03:08] "[36mGET /static/styles.css HTTP/1.1[0m" 304 -]
[2025-02-16 13:03:08,082: INFO: _internal: 127.0.0.1 - - [16/Feb/2025 13:03:08] "[36mGET /static/placeholder.js HTTP/1.1[0m" 304 -]
[2025-02-16 13:03:08,091: INFO: _internal: 127.0.0.1 - - [16/Feb/2025 13:03:08] "[36mGET /static/linkedin_icon.png HTTP/1.1[0m" 304 -]
[2025-02-16 13:03:08,169: INFO: _internal: 127.0.0.1 - - [16/Feb/2025 13:03:08] "[36mGET /static/git_icon.png HTTP/1.1[0m" 304 -]
[2025-02-16 13:03:10,118: INFO: _internal: 127.0.0.1 - - [16/Feb/2025 13:03:10] "[36mGET /static/logo.png HTTP/1.1[0m" 304 -]
[2025-02-16 13:03:38,058: INFO: _internal: 127.0.0.1 - - [16/Feb/2025 13:03:38] "POST /spelling_correction HTTP/1.1" 200 -]
[2025-02-16 13:04:27,798: INFO: _internal: 127.0.0.1 - - [16/Feb/2025 13:04:27] "POST /spam_detection HTTP/1.1" 200 -]
[2025-02-16 13:27:05,999: INFO: _internal: [31m[1mWARNING: This is a development server. Do not use it in a production deployment. Use a production WSGI server instead.[0m
 * Running on all addresses (0.0.0.0)
 * Running on http://127.0.0.1:10000
 * Running on http://192.168.43.221:10000]
[2025-02-16 13:27:06,000: INFO: _internal: [33mPress CTRL+C to quit[0m]
[2025-02-16 13:27:16,144: INFO: _internal: 127.0.0.1 - - [16/Feb/2025 13:27:16] "GET / HTTP/1.1" 200 -]
[2025-02-16 13:27:18,532: INFO: _internal: 127.0.0.1 - - [16/Feb/2025 13:27:18] "[36mGET /static/i_icon.png HTTP/1.1[0m" 304 -]
[2025-02-16 13:27:18,534: INFO: _internal: 127.0.0.1 - - [16/Feb/2025 13:27:18] "[36mGET /static/logo.png HTTP/1.1[0m" 304 -]
[2025-02-16 13:27:18,538: INFO: _internal: 127.0.0.1 - - [16/Feb/2025 13:27:18] "[36mGET /static/styles.css HTTP/1.1[0m" 304 -]
[2025-02-16 13:27:18,578: INFO: _internal: 127.0.0.1 - - [16/Feb/2025 13:27:18] "[36mGET /static/git_icon.png HTTP/1.1[0m" 304 -]
[2025-02-16 13:27:18,615: INFO: _internal: 127.0.0.1 - - [16/Feb/2025 13:27:18] "[36mGET /static/linkedin_icon.png HTTP/1.1[0m" 304 -]
[2025-02-16 13:27:18,629: INFO: _internal: 127.0.0.1 - - [16/Feb/2025 13:27:18] "[36mGET /static/placeholder.js HTTP/1.1[0m" 304 -]
[2025-02-16 13:27:40,926: INFO: _internal: 127.0.0.1 - - [16/Feb/2025 13:27:40] "POST /spelling_correction HTTP/1.1" 200 -]
[2025-02-16 13:28:04,639: INFO: _internal: 127.0.0.1 - - [16/Feb/2025 13:28:04] "GET /debug HTTP/1.1" 200 -]
[2025-02-16 13:28:05,621: INFO: _internal: 127.0.0.1 - - [16/Feb/2025 13:28:05] "[33mGET /favicon.ico HTTP/1.1[0m" 404 -]
[2025-02-16 13:59:44,160: INFO: _internal: [31m[1mWARNING: This is a development server. Do not use it in a production deployment. Use a production WSGI server instead.[0m
 * Running on all addresses (0.0.0.0)
 * Running on http://127.0.0.1:10000
 * Running on http://192.168.43.221:10000]
[2025-02-16 13:59:44,162: INFO: _internal: [33mPress CTRL+C to quit[0m]
[2025-02-16 13:59:55,979: INFO: _internal: 127.0.0.1 - - [16/Feb/2025 13:59:55] "GET / HTTP/1.1" 200 -]
[2025-02-16 13:59:57,628: INFO: _internal: 127.0.0.1 - - [16/Feb/2025 13:59:57] "[36mGET /static/logo.png HTTP/1.1[0m" 304 -]
[2025-02-16 13:59:57,630: INFO: _internal: 127.0.0.1 - - [16/Feb/2025 13:59:57] "[36mGET /static/styles.css HTTP/1.1[0m" 304 -]
[2025-02-16 13:59:57,687: INFO: _internal: 127.0.0.1 - - [16/Feb/2025 13:59:57] "[36mGET /static/i_icon.png HTTP/1.1[0m" 304 -]
[2025-02-16 13:59:57,697: INFO: _internal: 127.0.0.1 - - [16/Feb/2025 13:59:57] "[36mGET /static/placeholder.js HTTP/1.1[0m" 304 -]
[2025-02-16 13:59:57,764: INFO: _internal: 127.0.0.1 - - [16/Feb/2025 13:59:57] "[36mGET /static/git_icon.png HTTP/1.1[0m" 304 -]
[2025-02-16 13:59:57,774: INFO: _internal: 127.0.0.1 - - [16/Feb/2025 13:59:57] "[36mGET /static/linkedin_icon.png HTTP/1.1[0m" 304 -]
[2025-02-16 14:00:22,181: INFO: _internal: 127.0.0.1 - - [16/Feb/2025 14:00:22] "POST /spelling_correction HTTP/1.1" 200 -]
[2025-02-16 14:00:45,344: INFO: _internal: 127.0.0.1 - - [16/Feb/2025 14:00:45] "POST /spam_detection HTTP/1.1" 200 -]
[2025-02-16 15:18:34,367: INFO: _internal: [31m[1mWARNING: This is a development server. Do not use it in a production deployment. Use a production WSGI server instead.[0m
 * Running on all addresses (0.0.0.0)
 * Running on http://127.0.0.1:10000
 * Running on http://192.168.43.221:10000]
[2025-02-16 15:18:34,370: INFO: _internal: [33mPress CTRL+C to quit[0m]
[2025-02-16 15:18:47,011: INFO: _internal: 127.0.0.1 - - [16/Feb/2025 15:18:47] "GET / HTTP/1.1" 200 -]
[2025-02-16 15:18:48,751: INFO: _internal: 127.0.0.1 - - [16/Feb/2025 15:18:48] "[36mGET /static/logo.png HTTP/1.1[0m" 304 -]
[2025-02-16 15:18:48,753: INFO: _internal: 127.0.0.1 - - [16/Feb/2025 15:18:48] "[36mGET /static/styles.css HTTP/1.1[0m" 304 -]
[2025-02-16 15:18:48,755: INFO: _internal: 127.0.0.1 - - [16/Feb/2025 15:18:48] "[36mGET /static/placeholder.js HTTP/1.1[0m" 304 -]
[2025-02-16 15:18:48,756: INFO: _internal: 127.0.0.1 - - [16/Feb/2025 15:18:48] "[36mGET /static/i_icon.png HTTP/1.1[0m" 304 -]
[2025-02-16 15:18:48,758: INFO: _internal: 127.0.0.1 - - [16/Feb/2025 15:18:48] "[36mGET /static/linkedin_icon.png HTTP/1.1[0m" 304 -]
[2025-02-16 15:18:48,761: INFO: _internal: 127.0.0.1 - - [16/Feb/2025 15:18:48] "[36mGET /static/git_icon.png HTTP/1.1[0m" 304 -]
[2025-02-16 15:19:12,954: INFO: _internal: 127.0.0.1 - - [16/Feb/2025 15:19:12] "POST /spelling_correction HTTP/1.1" 200 -]
[2025-02-16 15:19:35,257: INFO: main: Prediction output: [0]]
[2025-02-16 15:19:35,259: INFO: _internal: 127.0.0.1 - - [16/Feb/2025 15:19:35] "POST /spam_detection HTTP/1.1" 200 -]
[2025-02-16 15:27:09,150: INFO: _internal: [31m[1mWARNING: This is a development server. Do not use it in a production deployment. Use a production WSGI server instead.[0m
 * Running on all addresses (0.0.0.0)
 * Running on http://127.0.0.1:10000
 * Running on http://192.168.43.221:10000]
[2025-02-16 15:27:09,151: INFO: _internal: [33mPress CTRL+C to quit[0m]
[2025-02-16 15:27:13,043: INFO: _internal: 127.0.0.1 - - [16/Feb/2025 15:27:13] "GET / HTTP/1.1" 200 -]
[2025-02-16 15:27:14,788: INFO: _internal: 127.0.0.1 - - [16/Feb/2025 15:27:14] "[36mGET /static/styles.css HTTP/1.1[0m" 304 -]
[2025-02-16 15:27:14,791: INFO: _internal: 127.0.0.1 - - [16/Feb/2025 15:27:14] "[36mGET /static/logo.png HTTP/1.1[0m" 304 -]
[2025-02-16 15:27:14,812: INFO: _internal: 127.0.0.1 - - [16/Feb/2025 15:27:14] "[36mGET /static/i_icon.png HTTP/1.1[0m" 304 -]
[2025-02-16 15:27:14,845: INFO: _internal: 127.0.0.1 - - [16/Feb/2025 15:27:14] "[36mGET /static/placeholder.js HTTP/1.1[0m" 304 -]
[2025-02-16 15:27:14,853: INFO: _internal: 127.0.0.1 - - [16/Feb/2025 15:27:14] "[36mGET /static/linkedin_icon.png HTTP/1.1[0m" 304 -]
[2025-02-16 15:27:14,942: INFO: _internal: 127.0.0.1 - - [16/Feb/2025 15:27:14] "[36mGET /static/git_icon.png HTTP/1.1[0m" 304 -]
[2025-02-16 15:27:38,069: INFO: _internal: 127.0.0.1 - - [16/Feb/2025 15:27:38] "POST /spelling_correction HTTP/1.1" 200 -]
[2025-02-16 15:27:55,048: INFO: main: Prediction output: [0]]
[2025-02-16 15:27:55,049: INFO: _internal: 127.0.0.1 - - [16/Feb/2025 15:27:55] "POST /spam_detection HTTP/1.1" 200 -]
[2025-02-16 15:30:11,330: INFO: _internal: 127.0.0.1 - - [16/Feb/2025 15:30:11] "GET / HTTP/1.1" 200 -]
[2025-02-16 15:30:11,430: INFO: _internal: 127.0.0.1 - - [16/Feb/2025 15:30:11] "[36mGET /static/styles.css HTTP/1.1[0m" 304 -]
[2025-02-16 15:30:11,447: INFO: _internal: 127.0.0.1 - - [16/Feb/2025 15:30:11] "[36mGET /static/logo.png HTTP/1.1[0m" 304 -]
[2025-02-16 15:30:11,452: INFO: _internal: 127.0.0.1 - - [16/Feb/2025 15:30:11] "[36mGET /static/i_icon.png HTTP/1.1[0m" 304 -]
[2025-02-16 15:30:11,454: INFO: _internal: 127.0.0.1 - - [16/Feb/2025 15:30:11] "[36mGET /static/git_icon.png HTTP/1.1[0m" 304 -]
[2025-02-16 15:30:11,484: INFO: _internal: 127.0.0.1 - - [16/Feb/2025 15:30:11] "[36mGET /static/linkedin_icon.png HTTP/1.1[0m" 304 -]
[2025-02-16 15:30:11,504: INFO: _internal: 127.0.0.1 - - [16/Feb/2025 15:30:11] "[36mGET /static/placeholder.js HTTP/1.1[0m" 304 -]
[2025-02-16 15:30:13,435: INFO: _internal: 127.0.0.1 - - [16/Feb/2025 15:30:13] "[36mGET /static/logo.png HTTP/1.1[0m" 304 -]
[2025-02-16 15:30:20,890: INFO: _internal: 127.0.0.1 - - [16/Feb/2025 15:30:20] "POST /spelling_correction HTTP/1.1" 200 -]
[2025-02-16 15:32:31,769: INFO: _internal: [31m[1mWARNING: This is a development server. Do not use it in a production deployment. Use a production WSGI server instead.[0m
 * Running on all addresses (0.0.0.0)
 * Running on http://127.0.0.1:10000
 * Running on http://192.168.43.221:10000]
[2025-02-16 15:32:31,769: INFO: _internal: [33mPress CTRL+C to quit[0m]
[2025-02-16 15:32:35,693: INFO: _internal: 127.0.0.1 - - [16/Feb/2025 15:32:35] "GET / HTTP/1.1" 200 -]
[2025-02-16 15:32:37,131: INFO: _internal: 127.0.0.1 - - [16/Feb/2025 15:32:37] "[36mGET /static/i_icon.png HTTP/1.1[0m" 304 -]
[2025-02-16 15:32:37,138: INFO: _internal: 127.0.0.1 - - [16/Feb/2025 15:32:37] "[36mGET /static/linkedin_icon.png HTTP/1.1[0m" 304 -]
[2025-02-16 15:32:37,139: INFO: _internal: 127.0.0.1 - - [16/Feb/2025 15:32:37] "[36mGET /static/styles.css HTTP/1.1[0m" 304 -]
[2025-02-16 15:32:37,140: INFO: _internal: 127.0.0.1 - - [16/Feb/2025 15:32:37] "[36mGET /static/placeholder.js HTTP/1.1[0m" 304 -]
[2025-02-16 15:32:37,141: INFO: _internal: 127.0.0.1 - - [16/Feb/2025 15:32:37] "[36mGET /static/git_icon.png HTTP/1.1[0m" 304 -]
[2025-02-16 15:32:37,146: INFO: _internal: 127.0.0.1 - - [16/Feb/2025 15:32:37] "[36mGET /static/logo.png HTTP/1.1[0m" 304 -]
[2025-02-16 15:32:38,161: INFO: _internal: 127.0.0.1 - - [16/Feb/2025 15:32:38] "[36mGET /static/logo.png HTTP/1.1[0m" 304 -]
[2025-02-16 15:32:53,669: INFO: _internal: 127.0.0.1 - - [16/Feb/2025 15:32:53] "POST /spelling_correction HTTP/1.1" 200 -]
[2025-02-16 15:33:35,510: INFO: main: Prediction output: [0]]
[2025-02-16 15:33:35,511: INFO: _internal: 127.0.0.1 - - [16/Feb/2025 15:33:35] "POST /spam_detection HTTP/1.1" 200 -]
[2025-02-16 15:35:17,710: INFO: _internal: [31m[1mWARNING: This is a development server. Do not use it in a production deployment. Use a production WSGI server instead.[0m
 * Running on all addresses (0.0.0.0)
 * Running on http://127.0.0.1:10000
 * Running on http://192.168.43.221:10000]
[2025-02-16 15:35:17,711: INFO: _internal: [33mPress CTRL+C to quit[0m]
[2025-02-16 15:35:26,750: INFO: _internal: 127.0.0.1 - - [16/Feb/2025 15:35:26] "GET / HTTP/1.1" 200 -]
[2025-02-16 15:35:28,021: INFO: _internal: 127.0.0.1 - - [16/Feb/2025 15:35:28] "[36mGET /static/i_icon.png HTTP/1.1[0m" 304 -]
[2025-02-16 15:35:28,022: INFO: _internal: 127.0.0.1 - - [16/Feb/2025 15:35:28] "[36mGET /static/styles.css HTTP/1.1[0m" 304 -]
[2025-02-16 15:35:28,039: INFO: _internal: 127.0.0.1 - - [16/Feb/2025 15:35:28] "[36mGET /static/placeholder.js HTTP/1.1[0m" 304 -]
[2025-02-16 15:35:28,041: INFO: _internal: 127.0.0.1 - - [16/Feb/2025 15:35:28] "[36mGET /static/logo.png HTTP/1.1[0m" 304 -]
[2025-02-16 15:35:28,059: INFO: _internal: 127.0.0.1 - - [16/Feb/2025 15:35:28] "[36mGET /static/git_icon.png HTTP/1.1[0m" 304 -]
[2025-02-16 15:35:28,089: INFO: _internal: 127.0.0.1 - - [16/Feb/2025 15:35:28] "[36mGET /static/linkedin_icon.png HTTP/1.1[0m" 304 -]
[2025-02-16 15:35:43,696: INFO: _internal: 127.0.0.1 - - [16/Feb/2025 15:35:43] "POST /spelling_correction HTTP/1.1" 200 -]
[2025-02-16 15:39:30,872: INFO: _internal: [31m[1mWARNING: This is a development server. Do not use it in a production deployment. Use a production WSGI server instead.[0m
 * Running on all addresses (0.0.0.0)
 * Running on http://127.0.0.1:10000
 * Running on http://192.168.43.221:10000]
[2025-02-16 15:39:30,874: INFO: _internal: [33mPress CTRL+C to quit[0m]
[2025-02-16 15:39:39,800: INFO: _internal: 127.0.0.1 - - [16/Feb/2025 15:39:39] "GET / HTTP/1.1" 200 -]
[2025-02-16 15:39:41,590: INFO: _internal: 127.0.0.1 - - [16/Feb/2025 15:39:41] "[36mGET /static/styles.css HTTP/1.1[0m" 304 -]
[2025-02-16 15:39:41,592: INFO: _internal: 127.0.0.1 - - [16/Feb/2025 15:39:41] "[36mGET /static/logo.png HTTP/1.1[0m" 304 -]
[2025-02-16 15:39:41,598: INFO: _internal: 127.0.0.1 - - [16/Feb/2025 15:39:41] "[36mGET /static/git_icon.png HTTP/1.1[0m" 304 -]
[2025-02-16 15:39:41,601: INFO: _internal: 127.0.0.1 - - [16/Feb/2025 15:39:41] "[36mGET /static/placeholder.js HTTP/1.1[0m" 304 -]
[2025-02-16 15:39:41,620: INFO: _internal: 127.0.0.1 - - [16/Feb/2025 15:39:41] "[36mGET /static/linkedin_icon.png HTTP/1.1[0m" 304 -]
[2025-02-16 15:39:41,630: INFO: _internal: 127.0.0.1 - - [16/Feb/2025 15:39:41] "[36mGET /static/i_icon.png HTTP/1.1[0m" 304 -]
[2025-02-16 15:39:58,236: INFO: _internal: 127.0.0.1 - - [16/Feb/2025 15:39:58] "POST /spelling_correction HTTP/1.1" 200 -]
[2025-02-16 15:40:58,265: INFO: _internal: 127.0.0.1 - - [16/Feb/2025 15:40:58] "POST /spelling_correction HTTP/1.1" 200 -]
[2025-02-16 15:41:04,007: INFO: _internal: 127.0.0.1 - - [16/Feb/2025 15:41:04] "POST /spelling_correction HTTP/1.1" 200 -]
[2025-02-16 15:42:43,181: INFO: _internal: [31m[1mWARNING: This is a development server. Do not use it in a production deployment. Use a production WSGI server instead.[0m
 * Running on all addresses (0.0.0.0)
 * Running on http://127.0.0.1:10000
 * Running on http://192.168.43.221:10000]
[2025-02-16 15:42:43,182: INFO: _internal: [33mPress CTRL+C to quit[0m]
[2025-02-16 15:42:46,625: INFO: _internal: 127.0.0.1 - - [16/Feb/2025 15:42:46] "GET / HTTP/1.1" 200 -]
[2025-02-16 15:42:48,404: INFO: _internal: 127.0.0.1 - - [16/Feb/2025 15:42:48] "[36mGET /static/git_icon.png HTTP/1.1[0m" 304 -]
[2025-02-16 15:42:48,406: INFO: _internal: 127.0.0.1 - - [16/Feb/2025 15:42:48] "[36mGET /static/linkedin_icon.png HTTP/1.1[0m" 304 -]
[2025-02-16 15:42:48,417: INFO: _internal: 127.0.0.1 - - [16/Feb/2025 15:42:48] "[36mGET /static/styles.css HTTP/1.1[0m" 304 -]
[2025-02-16 15:42:48,420: INFO: _internal: 127.0.0.1 - - [16/Feb/2025 15:42:48] "[36mGET /static/placeholder.js HTTP/1.1[0m" 304 -]
[2025-02-16 15:42:48,436: INFO: _internal: 127.0.0.1 - - [16/Feb/2025 15:42:48] "[36mGET /static/logo.png HTTP/1.1[0m" 304 -]
[2025-02-16 15:42:48,473: INFO: _internal: 127.0.0.1 - - [16/Feb/2025 15:42:48] "[36mGET /static/i_icon.png HTTP/1.1[0m" 304 -]
[2025-02-16 15:42:49,883: INFO: _internal: 127.0.0.1 - - [16/Feb/2025 15:42:49] "[36mGET /static/logo.png HTTP/1.1[0m" 304 -]
[2025-02-16 15:43:04,824: INFO: _internal: 127.0.0.1 - - [16/Feb/2025 15:43:04] "POST /spelling_correction HTTP/1.1" 200 -]
[2025-02-16 15:49:54,118: INFO: _internal: 127.0.0.1 - - [16/Feb/2025 15:49:54] "GET / HTTP/1.1" 200 -]
[2025-02-16 15:49:54,303: INFO: _internal: 127.0.0.1 - - [16/Feb/2025 15:49:54] "[36mGET /static/styles.css HTTP/1.1[0m" 304 -]
[2025-02-16 15:49:54,358: INFO: _internal: 127.0.0.1 - - [16/Feb/2025 15:49:54] "[36mGET /static/logo.png HTTP/1.1[0m" 304 -]
[2025-02-16 15:49:54,456: INFO: _internal: 127.0.0.1 - - [16/Feb/2025 15:49:54] "[36mGET /static/i_icon.png HTTP/1.1[0m" 304 -]
[2025-02-16 15:49:54,499: INFO: _internal: 127.0.0.1 - - [16/Feb/2025 15:49:54] "[36mGET /static/git_icon.png HTTP/1.1[0m" 304 -]
[2025-02-16 15:49:54,503: INFO: _internal: 127.0.0.1 - - [16/Feb/2025 15:49:54] "[36mGET /static/linkedin_icon.png HTTP/1.1[0m" 304 -]
[2025-02-16 15:49:54,551: INFO: _internal: 127.0.0.1 - - [16/Feb/2025 15:49:54] "[36mGET /static/placeholder.js HTTP/1.1[0m" 304 -]
[2025-02-16 15:49:56,630: INFO: _internal: 127.0.0.1 - - [16/Feb/2025 15:49:56] "[36mGET /static/logo.png HTTP/1.1[0m" 304 -]
[2025-02-16 15:50:08,745: INFO: _internal: 127.0.0.1 - - [16/Feb/2025 15:50:08] "POST /spelling_correction HTTP/1.1" 200 -]
[2025-02-16 15:52:51,770: INFO: _internal: [31m[1mWARNING: This is a development server. Do not use it in a production deployment. Use a production WSGI server instead.[0m
 * Running on all addresses (0.0.0.0)
 * Running on http://127.0.0.1:10000
 * Running on http://192.168.43.170:10000]
[2025-02-16 15:52:51,770: INFO: _internal: [33mPress CTRL+C to quit[0m]
[2025-02-16 15:53:13,639: INFO: _internal: 127.0.0.1 - - [16/Feb/2025 15:53:13] "GET / HTTP/1.1" 200 -]
[2025-02-16 15:53:15,760: INFO: _internal: 127.0.0.1 - - [16/Feb/2025 15:53:15] "[36mGET /static/styles.css HTTP/1.1[0m" 304 -]
[2025-02-16 15:53:15,761: INFO: _internal: 127.0.0.1 - - [16/Feb/2025 15:53:15] "[36mGET /static/placeholder.js HTTP/1.1[0m" 304 -]
[2025-02-16 15:53:15,765: INFO: _internal: 127.0.0.1 - - [16/Feb/2025 15:53:15] "[36mGET /static/i_icon.png HTTP/1.1[0m" 304 -]
[2025-02-16 15:53:15,912: INFO: _internal: 127.0.0.1 - - [16/Feb/2025 15:53:15] "[36mGET /static/linkedin_icon.png HTTP/1.1[0m" 304 -]
[2025-02-16 15:53:15,918: INFO: _internal: 127.0.0.1 - - [16/Feb/2025 15:53:15] "[36mGET /static/git_icon.png HTTP/1.1[0m" 304 -]
[2025-02-16 15:53:15,947: INFO: _internal: 127.0.0.1 - - [16/Feb/2025 15:53:15] "[36mGET /static/logo.png HTTP/1.1[0m" 304 -]
[2025-02-16 15:53:16,735: INFO: _internal: 127.0.0.1 - - [16/Feb/2025 15:53:16] "[36mGET /static/logo.png HTTP/1.1[0m" 304 -]
[2025-02-16 15:53:36,495: INFO: _internal: 127.0.0.1 - - [16/Feb/2025 15:53:36] "POST /spelling_correction HTTP/1.1" 200 -]
[2025-02-16 15:57:06,971: INFO: _internal: [31m[1mWARNING: This is a development server. Do not use it in a production deployment. Use a production WSGI server instead.[0m
 * Running on all addresses (0.0.0.0)
 * Running on http://127.0.0.1:10000
 * Running on http://192.168.43.170:10000]
[2025-02-16 15:57:06,973: INFO: _internal: [33mPress CTRL+C to quit[0m]
[2025-02-16 15:57:13,103: INFO: _internal: 127.0.0.1 - - [16/Feb/2025 15:57:13] "GET / HTTP/1.1" 200 -]
[2025-02-16 15:57:15,257: INFO: _internal: 127.0.0.1 - - [16/Feb/2025 15:57:15] "[36mGET /static/styles.css HTTP/1.1[0m" 304 -]
[2025-02-16 15:57:15,264: INFO: _internal: 127.0.0.1 - - [16/Feb/2025 15:57:15] "[36mGET /static/i_icon.png HTTP/1.1[0m" 304 -]
[2025-02-16 15:57:15,368: INFO: _internal: 127.0.0.1 - - [16/Feb/2025 15:57:15] "[36mGET /static/placeholder.js HTTP/1.1[0m" 304 -]
[2025-02-16 15:57:15,370: INFO: _internal: 127.0.0.1 - - [16/Feb/2025 15:57:15] "[36mGET /static/logo.png HTTP/1.1[0m" 304 -]
[2025-02-16 15:57:15,469: INFO: _internal: 127.0.0.1 - - [16/Feb/2025 15:57:15] "[36mGET /static/git_icon.png HTTP/1.1[0m" 304 -]
[2025-02-16 15:57:15,519: INFO: _internal: 127.0.0.1 - - [16/Feb/2025 15:57:15] "[36mGET /static/linkedin_icon.png HTTP/1.1[0m" 304 -]
[2025-02-16 15:57:16,916: INFO: _internal: 127.0.0.1 - - [16/Feb/2025 15:57:16] "[36mGET /static/logo.png HTTP/1.1[0m" 304 -]
[2025-02-16 15:57:37,387: INFO: _internal: 127.0.0.1 - - [16/Feb/2025 15:57:37] "POST /spelling_correction HTTP/1.1" 200 -]
[2025-02-16 16:04:06,617: INFO: _internal: [31m[1mWARNING: This is a development server. Do not use it in a production deployment. Use a production WSGI server instead.[0m
 * Running on all addresses (0.0.0.0)
 * Running on http://127.0.0.1:10000
 * Running on http://192.168.43.170:10000]
[2025-02-16 16:04:06,623: INFO: _internal: [33mPress CTRL+C to quit[0m]
[2025-02-16 16:04:11,600: INFO: _internal: 127.0.0.1 - - [16/Feb/2025 16:04:11] "GET / HTTP/1.1" 200 -]
[2025-02-16 16:04:13,590: INFO: _internal: 127.0.0.1 - - [16/Feb/2025 16:04:13] "[36mGET /static/styles.css HTTP/1.1[0m" 304 -]
[2025-02-16 16:04:13,617: INFO: _internal: 127.0.0.1 - - [16/Feb/2025 16:04:13] "[36mGET /static/logo.png HTTP/1.1[0m" 304 -]
[2025-02-16 16:04:13,638: INFO: _internal: 127.0.0.1 - - [16/Feb/2025 16:04:13] "[36mGET /static/i_icon.png HTTP/1.1[0m" 304 -]
[2025-02-16 16:04:13,674: INFO: _internal: 127.0.0.1 - - [16/Feb/2025 16:04:13] "[36mGET /static/placeholder.js HTTP/1.1[0m" 304 -]
[2025-02-16 16:04:13,785: INFO: _internal: 127.0.0.1 - - [16/Feb/2025 16:04:13] "[36mGET /static/git_icon.png HTTP/1.1[0m" 304 -]
[2025-02-16 16:04:13,935: INFO: _internal: 127.0.0.1 - - [16/Feb/2025 16:04:13] "[36mGET /static/linkedin_icon.png HTTP/1.1[0m" 304 -]
[2025-02-16 16:04:46,807: INFO: _internal: 127.0.0.1 - - [16/Feb/2025 16:04:46] "POST /spelling_correction HTTP/1.1" 200 -]
[2025-02-16 16:07:06,289: INFO: _internal: [31m[1mWARNING: This is a development server. Do not use it in a production deployment. Use a production WSGI server instead.[0m
 * Running on all addresses (0.0.0.0)
 * Running on http://127.0.0.1:10000
 * Running on http://192.168.43.170:10000]
[2025-02-16 16:07:06,291: INFO: _internal: [33mPress CTRL+C to quit[0m]
[2025-02-16 16:07:09,885: INFO: _internal: 127.0.0.1 - - [16/Feb/2025 16:07:09] "GET / HTTP/1.1" 200 -]
[2025-02-16 16:07:11,995: INFO: _internal: 127.0.0.1 - - [16/Feb/2025 16:07:11] "[36mGET /static/logo.png HTTP/1.1[0m" 304 -]
[2025-02-16 16:07:11,998: INFO: _internal: 127.0.0.1 - - [16/Feb/2025 16:07:11] "[36mGET /static/placeholder.js HTTP/1.1[0m" 304 -]
[2025-02-16 16:07:12,013: INFO: _internal: 127.0.0.1 - - [16/Feb/2025 16:07:12] "[36mGET /static/i_icon.png HTTP/1.1[0m" 304 -]
[2025-02-16 16:07:12,036: INFO: _internal: 127.0.0.1 - - [16/Feb/2025 16:07:12] "[36mGET /static/styles.css HTTP/1.1[0m" 304 -]
[2025-02-16 16:07:12,129: INFO: _internal: 127.0.0.1 - - [16/Feb/2025 16:07:12] "[36mGET /static/git_icon.png HTTP/1.1[0m" 304 -]
[2025-02-16 16:07:12,141: INFO: _internal: 127.0.0.1 - - [16/Feb/2025 16:07:12] "[36mGET /static/linkedin_icon.png HTTP/1.1[0m" 304 -]
[2025-02-16 16:07:33,844: INFO: _internal: 127.0.0.1 - - [16/Feb/2025 16:07:33] "POST /spelling_correction HTTP/1.1" 200 -]
[2025-02-16 16:07:47,899: INFO: main: Prediction output: [0]]
[2025-02-16 16:07:47,901: INFO: _internal: 127.0.0.1 - - [16/Feb/2025 16:07:47] "POST /spam_detection HTTP/1.1" 200 -]
[2025-02-16 16:09:09,632: INFO: _internal: [31m[1mWARNING: This is a development server. Do not use it in a production deployment. Use a production WSGI server instead.[0m
 * Running on all addresses (0.0.0.0)
 * Running on http://127.0.0.1:10000
 * Running on http://192.168.43.170:10000]
[2025-02-16 16:09:09,634: INFO: _internal: [33mPress CTRL+C to quit[0m]
[2025-02-16 16:09:14,912: INFO: _internal: 127.0.0.1 - - [16/Feb/2025 16:09:14] "GET / HTTP/1.1" 200 -]
[2025-02-16 16:09:16,596: INFO: _internal: 127.0.0.1 - - [16/Feb/2025 16:09:16] "[36mGET /static/logo.png HTTP/1.1[0m" 304 -]
[2025-02-16 16:09:16,599: INFO: _internal: 127.0.0.1 - - [16/Feb/2025 16:09:16] "[36mGET /static/placeholder.js HTTP/1.1[0m" 304 -]
[2025-02-16 16:09:16,610: INFO: _internal: 127.0.0.1 - - [16/Feb/2025 16:09:16] "[36mGET /static/styles.css HTTP/1.1[0m" 304 -]
[2025-02-16 16:09:16,626: INFO: _internal: 127.0.0.1 - - [16/Feb/2025 16:09:16] "[36mGET /static/i_icon.png HTTP/1.1[0m" 304 -]
[2025-02-16 16:09:16,734: INFO: _internal: 127.0.0.1 - - [16/Feb/2025 16:09:16] "[36mGET /static/git_icon.png HTTP/1.1[0m" 304 -]
[2025-02-16 16:09:16,741: INFO: _internal: 127.0.0.1 - - [16/Feb/2025 16:09:16] "[36mGET /static/linkedin_icon.png HTTP/1.1[0m" 304 -]
[2025-02-16 16:09:41,820: INFO: _internal: 127.0.0.1 - - [16/Feb/2025 16:09:41] "POST /spelling_correction HTTP/1.1" 200 -]
